// Jest Snapshot v1, https://goo.gl/fbAQLP

exports[`it renders with children 1`] = `
<em
  style={
    Object {
      "backgroundImage": "url('data:image/svg+xml;base64,PHN2ZyB3aWR0aD0iMjYwIiBoZWlnaHQ9IjE2IiB2aWV3Qm94PSIwIDAgMjYwIDE2IiBmaWxsPSJub25lIiB4bWxucz0iaHR0cDovL3d3dy53My5vcmcvMjAwMC9zdmciPgogICAgPHBvbHlsaW5lIHBvaW50cz0iMTkxLjk1MTE1MjU5MzMwODk2LDEyIDM3LjIxNzY4OTI4NzYwMTYyLDguODc5NTAwMzAwMzcxMzYyIDI1Niw3LjE4ODc4NjE0NjcyODIyMyA0LDQiIHN0cm9rZT0iIzk4NTVENCIgc3Ryb2tlLXdpZHRoPSI0IiBzdHJva2UtbGluZWNhcD0icm91bmQiIHN0cm9rZS1saW5lam9pbj0icm91bmQiIC8+CiAgPC9zdmc+')",
      "backgroundPosition": "bottom",
      "backgroundRepeat": "no-repeat",
      "backgroundSize": "100% auto",
      "display": "inline",
      "fontStyle": "inherit",
      "overflow": "visible",
    }
  }
>
  children text
</em>
`;
